[2J[H[1m[96m=[ [97mMathMaze Top Scores[96m ]=[0m  [90mv1.0.2[0m

[93mHighest Level Achieved[0m
  (none yet)

[93mOverall Top Scores[0m
  (none yet)

[93mTop Scores Per Level[0m
  (none yet)

[91mLowest Scores Per Level[0m
  (none yet)

[90m  MathMaze v1.0.2 - starter bulletin[0m
