[2J[H[1;36m============================================================
[1;37m  AnsiArt Gallery
[0;36m  Convert images to ANSI / ASCII via the AnsiArt door
[0;36m  or the web helper at /ansiart
[1;36m============================================================
[0m  No conversions yet. Upload an image to get started.

